// Jest Snapshot v1, https://goo.gl/fbAQLP

exports[`should render demo and match snapshot 1`] = `
<main>
  <k-flex
    gap="md"
    style="padding-bottom: 16px"
    vertical="{{true}}"
  >
    <demo-block
      title="基本布局"
    >
      <k-flex>
        <wx-view
          class="block"
        />
        <wx-view
          class="block"
        />
        <wx-view
          class="block"
        />
        <wx-view
          class="block"
        />
      </k-flex>
    </demo-block>
    <demo-block
      title="垂直布局"
    >
      <k-flex
        gap="small"
        vertical="{{true}}"
      >
        <k-button>
          Default
        </k-button>
        <k-button
          color="primary"
        >
          Primary
        </k-button>
        <k-button
          color="success"
        >
          Success
        </k-button>
      </k-flex>
    </demo-block>
    <demo-block
      title="对齐方式"
    >
      <k-flex
        align="center"
        gap="small"
        justify="flex-start"
        kClass="layout box"
      >
        <k-button>
          Default
        </k-button>
        <k-button
          color="primary"
        >
          Primary
        </k-button>
        <k-button
          color="success"
        >
          Success
        </k-button>
      </k-flex>
    </demo-block>
    <demo-block
      title="间距-default"
    >
      <k-flex
        gap="middle"
      >
        <k-button>
          small
        </k-button>
        <k-button
          color="primary"
        >
          middle
        </k-button>
        <k-button
          color="success"
        >
          large
        </k-button>
      </k-flex>
    </demo-block>
    <demo-block
      title="间距-customize"
    >
      <k-flex
        gap="{{10}}"
      >
        <k-button>
          Default
        </k-button>
        <k-button
          color="primary"
        >
          Primary
        </k-button>
        <k-button
          color="success"
        >
          Success
        </k-button>
        <k-button
          color="warning"
        >
          Warning
        </k-button>
        <k-button
          color="danger"
        >
          Danger
        </k-button>
      </k-flex>
    </demo-block>
    <demo-block
      title="自动换行"
    >
      <k-flex
        gap="{{10}}"
        kClass="layout"
        wrap="{{true}}"
      >
        <k-button>
          Default
        </k-button>
        <k-button
          color="primary"
        >
          Primary
        </k-button>
        <k-button
          color="success"
        >
          Success
        </k-button>
        <k-button
          color="warning"
        >
          Warning
        </k-button>
        <k-button
          color="danger"
        >
          Danger
        </k-button>
      </k-flex>
    </demo-block>
  </k-flex>
</main>
`;
